
> temp-app@0.1.0 build
> next build --debug

Γû▓ Next.js 16.2.4 (Turbopack)
- Environments: .env.local, .env

  Creating an optimized production build ...
Γ£ô Compiled successfully in 4.8s
  Running TypeScript ...
  Finished TypeScript in 5.3s ...
  Collecting page data using 15 workers ...
Γùç injected env (0) from .env // tip: Γîÿ enable debugging { debug: true }
Γùç injected env (0) from .env // tip: Γùê secrets for agents [www.dotenvx.com]
Γùç injected env (0) from .env // tip: Γîÿ multiple files { path: ['.env.local', '.env'] }
Γùç injected env (0) from .env // tip: Γùê secrets for agents [www.dotenvx.com]
Γùç injected env (0) from .env // tip: Γîÿ enable debugging { debug: true }
Γùç injected env (0) from .env // tip: Γîÿ multiple files { path: ['.env.local', '.env'] }
Γùç injected env (0) from .env // tip: Γîÿ override existing { override: true }
Γùç injected env (0) from .env // tip: Γîÿ suppress logs { quiet: true }
Γùç injected env (0) from .env // tip: Γîÿ override existing { override: true }
Γùç injected env (0) from .env // tip: Γùê secrets for agents [www.dotenvx.com]
Γùç injected env (0) from .env // tip: Γùê secrets for agents [www.dotenvx.com]
Γùç injected env (0) from .env // tip: Γîÿ suppress logs { quiet: true }
Γùç injected env (0) from .env // tip: Γîÿ custom filepath { path: '/custom/path/.env' }
Γùç injected env (0) from .env // tip: Γùê encrypted .env [www.dotenvx.com]
Γùç injected env (0) from .env // tip: Γîü auth for agents [www.vestauth.com]
  Generating static pages using 15 workers (0/28) ...
  Generating static pages using 15 workers (7/28) 
  Generating static pages using 15 workers (14/28) 
  Generating static pages using 15 workers (21/28) 
Γùç injected env (0) from .env // tip: Γîÿ custom filepath { path: '/custom/path/.env' }
Γùç injected env (0) from .env // tip: Γùê encrypted .env [www.dotenvx.com]
Γùç injected env (0) from .env // tip: Γîü auth for agents [www.vestauth.com]
Γùç injected env (0) from .env // tip: Γùê encrypted .env [www.dotenvx.com]
Γùç injected env (0) from .env // tip: Γîÿ override existing { override: true }
Γ£ô Generating static pages using 15 workers (28/28) in 1606ms
  Finalizing page optimization ...


Redirects
Γöî source: /:path+/
Γö£ destination: /:path+
Γöö permanent: true


Route (app)
Γöî Γùï /
Γö£ Γùï /_not-found
Γö£ ╞Æ /api/canvas/save
Γö£ ╞Æ /api/chat/message
Γö£ ╞Æ /api/collections/[id]
Γö£ ╞Æ /api/collections/create
Γö£ ╞Æ /api/collections/list
Γö£ ╞Æ /api/embeddings/generate
Γö£ ╞Æ /api/export/json
Γö£ ╞Æ /api/health
Γö£ ╞Æ /api/import/parse
Γö£ ╞Æ /api/items/[id]
Γö£ ╞Æ /api/items/[id]/suggestions
Γö£ ╞Æ /api/items/[id]/update
Γö£ ╞Æ /api/items/create
Γö£ ╞Æ /api/items/delete
Γö£ ╞Æ /api/items/duplicates
Γö£ ╞Æ /api/items/extract-colors
Γö£ ╞Æ /api/items/fetch-metadata
Γö£ ╞Æ /api/items/geocode
Γö£ ╞Æ /api/items/link
Γö£ ╞Æ /api/items/link-health
Γö£ ╞Æ /api/items/list
Γö£ ╞Æ /api/items/tag
Γö£ ╞Æ /api/search/semantic
Γö£ ╞Æ /api/tags/list
Γö£ ╞Æ /api/tags/merge
Γö£ Γùï /canvas
Γö£ ╞Æ /collections/[id]
Γö£ Γùï /dashboard
Γö£ Γùï /graph
Γö£ ╞Æ /items/[id]
Γöö ╞Æ /items/[id]/edit


Γùï  (Static)   prerendered as static content
╞Æ  (Dynamic)  server-rendered on demand

